// Jest Snapshot v1, https://goo.gl/fbAQLP

exports[`renders Notification with snapshot 1`] = `<DocumentFragment />`;
