// Jest Snapshot v1, https://goo.gl/fbAQLP

exports[`test Page Content renders PageContent with snapshot 1`] = `
<DocumentFragment>
  <section
    class="makeStyles-root-2 "
  />
</DocumentFragment>
`;
