// Jest Snapshot v1, https://goo.gl/fbAQLP

exports[`renders ErrorPage with snapshot 1`] = `
<DocumentFragment>
  <div>
    <h1>
      Error
    </h1>
    <p />
  </div>
</DocumentFragment>
`;
